
--- Job Version2.gms Start 04/16/25 16:04:53 49.2.0 9b2b0844 DAX-DAC arm 64bit/macOS
--- Applying:
    /Library/Frameworks/GAMS.framework/Versions/49/Resources/gmsprmun.txt
--- GAMS Parameters defined
    Input /Users/michelangeloinze/Desktop/Energy_Policy/GAMS_assignment/model/Version2.gms
    PageSize 0
    ScrDir /Users/michelangeloinze/Desktop/Energy_Policy/GAMS_assignment/model/225a/
    SysDir /Library/Frameworks/GAMS.framework/Versions/49/Resources/
    LogOption 3
    ErrMsg 1
    ErrorLog 99
    IDE 1
    LstTitleLeftAligned 1
Licensee: Academic User                                  G250415+0003Ac-GEN
          michelangelo.inzerilli@estudiantat.upc.edu              CLA109318
          225a/gamslice.dat
          node:30494001 mem:36 cores:11 ipport:62860 v:2                   
          Community license for demonstration and instructional purposes only
System information: 11 physical cores and 36 Gb memory detected
GAMS 49.2.0   Copyright (C) 1987-2025 GAMS Development. All rights reserved
--- Starting compilation
--- Version2.gms(4) 3 Mb
--- . priceData.inc(24) 3 Mb
--- Version2.gms(70) 3 Mb
--- Starting execution: elapsed 0:00:00.005
--- Version2.gms(64) 4 Mb
--- Generating MIP model HomeEnergy
--- Version2.gms(91) 4 Mb
---   126 rows  121 columns  361 non-zeroes
---   120 discrete-columns
--- Range statistics (absolute non-zero finite values)
--- RHS       [min, max] : [ 1.000E+00, 2.400E+01] - Zero values observed as well
--- Bound     [min, max] : [ 1.000E+00, 1.000E+00] - Zero values observed as well
--- Matrix    [min, max] : [ 7.516E-02, 1.102E+00]
--- Executing CPLEX (Solvelink=2): elapsed 0:00:00.009

IBM ILOG CPLEX   49.2.0 9b2b0844 Mar 5, 2025           DAC arm 64bit/macOS    

*** This solver runs with a community license. No commercial use.
--- GMO setup time: 0.00s
--- GMO memory 0.53 Mb (peak 0.53 Mb)
--- Dictionary memory 0.00 Mb
--- Cplex 22.1.2.0 link memory 0.00 Mb (peak 0.02 Mb)
--- Starting Cplex

Version identifier: 22.1.2.0 | 2024-12-02 | 8bd2200c8
CPXPARAM_Advance                                 0
CPXPARAM_MIP_Display                             4
CPXPARAM_MIP_Pool_Capacity                       0
3036                                             1
CPXPARAM_MIP_Tolerances_AbsMIPGap                0
Generic callback                                 0x50
Found incumbent of value 6.450620 after 0.00 sec. (0.01 ticks)
Tried aggregator 1 time.
MIP Presolve eliminated 125 rows and 121 columns.
All rows and columns eliminated.
Presolve time = 0.00 sec. (0.08 ticks)

Root node processing (before b&c):
  Real time             =    0.00 sec. (0.09 ticks)
Parallel b&c, 11 threads:
  Real time             =    0.00 sec. (0.00 ticks)
  Sync time (average)   =    0.00 sec.
  Wait time (average)   =    0.00 sec.
                          ------------
Total (root+branch&cut) =    0.00 sec. (0.09 ticks)

--- MIP status (101): integer optimal solution.
--- Cplex Time: 0.00sec (det. 0.09 ticks)

--- Returning a primal only solution to GAMS (marginals all set to NA).
--- Fixing integer variables and solving final LP...

Version identifier: 22.1.2.0 | 2024-12-02 | 8bd2200c8
CPXPARAM_Advance                                 2
CPXPARAM_MIP_Display                             4
CPXPARAM_MIP_Pool_Capacity                       0
3036                                             1
CPXPARAM_MIP_Tolerances_AbsMIPGap                0
Tried aggregator 1 time.
LP Presolve eliminated 125 rows and 121 columns.
All rows and columns eliminated.
Presolve time = 0.00 sec. (0.05 ticks)

--- Fixed MIP status (1): optimal.
--- Cplex Time: 0.00sec (det. 0.09 ticks)


Proven optimal solution
MIP Solution:            5.994940    (0 iterations, 0 nodes)
Final Solve:             5.994940    (0 iterations)

Best possible:           5.994940
Absolute gap:            0.000000
Relative gap:            0.000000

--- Reading solution for model HomeEnergy
--- Executing after solve: elapsed 0:00:00.034
--- Version2.gms(94) 4 Mb
*** Status: Normal completion
--- Job Version2.gms Stop 04/16/25 16:04:53 elapsed 0:00:00.034
